// Jest Snapshot v1, https://goo.gl/fbAQLP

exports[`test matches snapshot 1`] = `
<DocumentFragment>
  <div
    class="px-5 pt-3 fade-in container-fluid"
  >
    <div
      class="row"
    >
      <div
        class="col-md-6"
      >
        <i
          class="fas fa-shopping-cart fa-2x px-1 py-3 text-black"
        />
        <h1
          class="shopping-cart-title d-inline py-2"
        >
           Shopping Cart
        </h1>
        <div
          class="list-group list-group-flush"
        >
          <div
            class="list-group-item"
          >
            <div
              class="row"
            >
              <div
                class="col-md-2"
              >
                <img
                  alt="Lavazza - Espresso - Medium Roast"
                  class="img-fluid rounded"
                  src="https://res.cloudinary.com/edeneault-cloudinary/image/upload/v1630783263/eShop/sqiwu5ummm4y1to3cp5o.jpg"
                />
              </div>
              <div
                class="col-md-3"
              >
                <a
                  href="/products/6125d04db949259bdec4de3c"
                >
                  Lavazza - Espresso - Medium Roast
                </a>
              </div>
              <div
                class="col-md-2"
              >
                $9.99
              </div>
              <div
                class="col-md-2"
              >
                <form
                  class=""
                >
                  <select
                    class="form-control"
                  >
                    <option
                      value="1"
                    >
                      1
                    </option>
                    <option
                      value="2"
                    >
                      2
                    </option>
                    <option
                      value="3"
                    >
                      3
                    </option>
                    <option
                      value="4"
                    >
                      4
                    </option>
                  </select>
                </form>
              </div>
              <div
                class="col-md-2"
              >
                <button
                  class="btn btn-light"
                  type="button"
                >
                  <i
                    class="fas fa-trash"
                  />
                </button>
              </div>
            </div>
          </div>
        </div>
      </div>
    </div>
    <div
      class="row"
    >
      <div
        class="py-3 col-md-12"
      >
        <div
          class="card-cart card"
        >
          <div
            class="list-group list-group-flush"
          >
            <div
              class="list-group-item"
            >
              <h2>
                Subtotal (1) items
              </h2>
              $9.99
            </div>
            <div
              class="list-group-item"
            >
              <div
                class="d-grid col"
              >
                <button
                  class="btn-block btn btn-primary"
                  type="button"
                >
                  Proceed to Checkout
                </button>
              </div>
            </div>
          </div>
        </div>
      </div>
    </div>
  </div>
</DocumentFragment>
`;
