// Jest Snapshot v1, https://goo.gl/fbAQLP

exports[`matches snapshot 1`] = `
<DocumentFragment>
  <div
    class="row"
  >
    <div
      class="col-12"
    >
      <div
        class="justify-content-md-center mb-4 nav"
      >
        <div
          class="mx-1 px-1 nav-item"
        >
          <a
            aria-disabled="true"
            class="nav-link disabled"
            href="#"
            role="button"
            tabindex="-1"
          >
            Sign In
          </a>
        </div>
        <div
          class="mx-1 px-1 nav-item"
        >
          <a
            aria-disabled="true"
            class="nav-link disabled"
            href="#"
            role="button"
            tabindex="-1"
          >
            Shipping
          </a>
        </div>
        <div
          class="mx-1 px-1 nav-item"
        >
          <a
            aria-disabled="true"
            class="nav-link disabled"
            href="#"
            role="button"
            tabindex="-1"
          >
            Payment
          </a>
        </div>
        <div
          class="mx-1 px-1 nav-item"
        >
          <a
            aria-disabled="true"
            class="nav-link disabled"
            href="#"
            role="button"
            tabindex="-1"
          >
            Place Order
          </a>
        </div>
      </div>
    </div>
  </div>
</DocumentFragment>
`;
