// Jest Snapshot v1, https://goo.gl/fbAQLP

exports[`matches snapshot 1`] = `
<DocumentFragment>
  <div
    class="spinner-grow spinner-grow-lg text-dark"
    style="position: absolute; top: 50%; left: 50%; margin-top: -50px;"
  >
    <span
      class="sr-only"
    >
       Loading...
    </span>
  </div>
</DocumentFragment>
`;
