// Jest Snapshot v1, https://goo.gl/fbAQLP

exports[`matches snapshot 1`] = `
<DocumentFragment>
  <header>
    <div
      class="fade-in fixed container-fluid"
    >
      <div
        class="row"
      >
        <div
          class="m-0 p-0 col-lg-12"
        >
          <nav
            class="social py-0 fs-4 bg-gradient navbar navbar-expand-xxl navbar-dark"
          >
            <a
              class="d-flex mx-2 p-0 brand-text fs-3  active navbar-brand"
              href="/"
            >
              <img
                alt="impresso-espresso-logo"
                class="d-inline-block align-center"
                height="68"
                src="coffee_logo.svg"
                width="68"
              />
              <span
                class="m-0 pt-2 ms-1 text-capitalize brand-text text-white navbar-text"
              >
                IMPRESSO ESPRESSO
              </span>
            </a>
            <button
              aria-controls="search-navbar-nav"
              aria-label="Toggle navigation"
              class="ms-auto border-0 navbar-toggler collapsed"
              type="button"
            >
              <span
                class="border-0 text-light"
              >
                <i
                  class="fas fa-chevron-down fa-sm pt-1"
                />
              </span>
              <span
                class="text-dark fs-6 ms-2"
              >
                <i
                  class="fas fa-search text-white pt-1"
                />
              </span>
            </button>
            <div
              class="navbar-collapse collapse"
              id="search-navbar-nav"
            >
              <div
                class="ms-auto pt-1 navbar-nav"
              >
                <div
                  class="container"
                >
                  <div
                    class="d-flex py-2 px-3 row"
                  >
                    <div
                      class="col"
                    >
                      <form
                        class="d-flex ms-auto mt-1"
                      >
                        <input
                          class="rounded-start smaller-input form-control form-control-sm"
                          id="search"
                          name="q"
                          placeholder="search products"
                          type="text"
                        />
                        <button
                          class="btn rounded-end smaller-button btn btn-secondary "
                          type="submit"
                        >
                          <i
                            class="fas fa-search"
                          />
                        </button>
                      </form>
                    </div>
                  </div>
                </div>
              </div>
            </div>
          </nav>
        </div>
      </div>
      <div
        class="row"
      >
        <div
          class="m-0 p-0 col-lg-12"
        >
          <nav
            class=" py-1 fs-6 bg-custom navbar navbar-expand-lg navbar-light"
          >
            <button
              aria-controls="basic-navbar-nav"
              aria-label="Toggle navigation"
              class="navbar-toggler collapsed"
              type="button"
            >
              <span
                class="navbar-toggler-icon"
              />
            </button>
            <div
              class="navbar-collapse collapse"
              id="basic-navbar-nav"
            >
              <div
                class="m-auto navbar-nav"
              >
                <a
                  class="m-0 ps-3 pe-5  active nav-link"
                  data-rb-event-key="/"
                  href="/"
                >
                  Home
                </a>
                <a
                  class="m-0 ps-3 pe-5 nav-link"
                  data-rb-event-key="/allproducts"
                  href="/allproducts"
                >
                  Products
                </a>
                <div
                  class="m-0 ps-3 pe-5 nav-item dropdown"
                >
                  <a
                    aria-expanded="false"
                    aria-haspopup="true"
                    class="dropdown-toggle nav-link"
                    href="#"
                    id="categoryMenu"
                    role="button"
                  >
                    Categories
                  </a>
                </div>
                <div
                  class="m-0 ps-3 pe-5 nav-item dropdown"
                >
                  <a
                    aria-expanded="false"
                    aria-haspopup="true"
                    class="dropdown-toggle nav-link"
                    href="#"
                    id="brandMenu"
                    role="button"
                  >
                    Brands
                  </a>
                </div>
                <a
                  class="m-0 ps-3 pe-5 nav-link"
                  data-rb-event-key="/cart"
                  href="/cart"
                >
                  <i
                    class="fas fa-shopping-cart px-1"
                  />
                  Cart
                </a>
                <div
                  class="m-0 ps-3 pe-5 nav-item dropdown"
                >
                  <a
                    aria-expanded="false"
                    aria-haspopup="true"
                    class="dropdown-toggle nav-link"
                    href="#"
                    id="username"
                    role="button"
                  >
                    AdminName
                  </a>
                </div>
                <div
                  class="m-0 px-3 nav-item dropdown"
                >
                  <a
                    aria-expanded="false"
                    aria-haspopup="true"
                    class="dropdown-toggle nav-link"
                    href="#"
                    id="adminMenu"
                    role="button"
                  >
                    Admin
                  </a>
                </div>
              </div>
            </div>
          </nav>
        </div>
      </div>
    </div>
  </header>
</DocumentFragment>
`;
