// Jest Snapshot v1, https://goo.gl/fbAQLP

exports[`test matches snapshot 1`] = `
<DocumentFragment>
  <div
    class="px-5 pt-3 container-fluid"
  >
    <h1>
      Order: 6125d0c2d3ffd29bedee24af 
    </h1>
     
    <div
      class="row"
    >
      <div
        class="col-md-8"
      >
        <div
          class="list-group list-group-flush"
        >
          <div
            class="list-group-item"
          >
            <h2>
              Shipping
            </h2>
            <p>
              <strong>
                Name: 
              </strong>
               John Doe
            </p>
            <p>
              <strong>
                Email: 
              </strong>
              <a
                href="mailto:g@example.com"
              >
                g@example.com
              </a>
            </p>
            <p>
              <strong>
                Address:
              </strong>
               9620 W. Russell Rd   APT 1025, Las Vegas, 89148, United States
            </p>
            <div
              class="fade rounded alert alert-danger show"
              role="alert"
            >
              Not Delivered
            </div>
          </div>
          <div
            class="list-group-item"
          >
            <h2>
              Payment Method
            </h2>
            <p>
              <strong>
                Method: 
              </strong>
            </p>
            <div
              class="fade rounded alert alert-success show"
              role="alert"
            >
               Paid on 
            </div>
          </div>
          <div
            class="list-group-item"
          >
            <h2>
              Order Items
            </h2>
            <div
              class="list-group list-group-flush"
            >
              <div
                class="list-group-item"
              >
                <div
                  class="row"
                >
                  <div
                    class="col-md-1"
                  >
                    <img
                      alt="Lavazza - Espresso - Medium Roast"
                      class="img-fluid rounded"
                      src="https://res.cloudinary.com/edeneault-cloudinary/image/upload/v1630783263/eShop/sqiwu5ummm4y1to3cp5o.jpg"
                    />
                  </div>
                  <div
                    class="col"
                  >
                    <a
                      href="/products/6125d04db949259bdec4de3c"
                    >
                      Lavazza - Espresso - Medium Roast
                    </a>
                  </div>
                  <div
                    class="col"
                  >
                    1 x $9.99 = $9.99
                  </div>
                </div>
              </div>
            </div>
          </div>
        </div>
      </div>
      <div
        class="col-md-4"
      >
        <div
          class="rounded card"
        >
          <div
            class="list-group list-group-flush"
          >
            <div
              class="list-group-item"
            >
              <h2>
                Order Summary
              </h2>
            </div>
            <div
              class="list-group-item"
            >
              <div
                class="row"
              >
                <div
                  class="col"
                >
                  Items
                </div>
                <div
                  class="col"
                >
                  $9.99
                </div>
              </div>
            </div>
            <div
              class="list-group-item"
            >
              <div
                class="row"
              >
                <div
                  class="col"
                >
                  Shipping
                </div>
                <div
                  class="col"
                >
                  $0
                </div>
              </div>
            </div>
            <div
              class="list-group-item"
            >
              <div
                class="row"
              >
                <div
                  class="col"
                >
                  Tax
                </div>
                <div
                  class="col"
                >
                  $1.5
                </div>
              </div>
            </div>
            <div
              class="list-group-item"
            >
              <div
                class="row"
              >
                <div
                  class="col"
                >
                  Total
                </div>
                <div
                  class="col"
                >
                  $11.49
                </div>
              </div>
            </div>
            <div
              class="list-group-item"
            >
              <a
                class=""
                href="/paymentmethod"
              >
                Change Payment Method
              </a>
            </div>
            <div
              class="list-group-item"
            >
              <div
                class="d-grid col"
              >
                <button
                  class="btn btn-small btn-dark btn btn-primary"
                  type="button"
                >
                  Mark as Delivered
                </button>
              </div>
            </div>
          </div>
        </div>
      </div>
    </div>
  </div>
</DocumentFragment>
`;
