// Jest Snapshot v1, https://goo.gl/fbAQLP

exports[`test matches snapshot 1`] = `
<DocumentFragment>
  <div
    class="rating"
  >
    <span>
      <i
        class="fas fa-star"
        style="color: rgb(140, 61, 61);"
      />
    </span>
    <span>
      <i
        class="fas fa-star"
        style="color: rgb(140, 61, 61);"
      />
    </span>
    <span>
      <i
        class="fas fa-star"
        style="color: rgb(140, 61, 61);"
      />
    </span>
    <span>
      <i
        class="fas fa-star"
        style="color: rgb(140, 61, 61);"
      />
    </span>
    <span>
      <i
        class="fas fa-star"
        style="color: rgb(140, 61, 61);"
      />
    </span>
    <span>
       1 reviews
    </span>
  </div>
</DocumentFragment>
`;
