// Jest Snapshot v1, https://goo.gl/fbAQLP

exports[`test matches snapshot 1`] = `
<DocumentFragment>
  <div
    class="px-5 pt-3 container-fluid"
  >
    <h1
      class="page-title slide-in"
    >
      My Users
    </h1>
    <div
      class="table-responsive"
    >
      <table
        class="table-sm table table-bordered table-hover"
      >
        <thead>
          <tr
            class="bg-black text-light"
          >
            <th>
              ID
            </th>
            <th>
              NAME
            </th>
            <th>
              EMAIL
            </th>
            <th>
              ADMIN
            </th>
            <th>
              ACTIONS
            </th>
          </tr>
        </thead>
        <tbody>
          <tr
            class="align-middle"
          >
            <td>
              6125d04db949259bdec4de34
            </td>
            <td>
              AdminName
            </td>
            <td>
              <a
                href="mailto:admin@example.com"
              >
                admin@example.com
              </a>
            </td>
            <td
              class="text-center"
            >
              <i
                class="fas fa-check"
                style="color: green;"
              />
            </td>
            <td>
              <a
                class="btn-sm edit m-1 btn btn-light"
                href="/admin/user/6125d04db949259bdec4de34/edit"
              >
                <i
                  class="fas fa-edit"
                />
              </a>
              <button
                class="btn-sm trash m-1 btn btn-primary"
                type="button"
              >
                <i
                  class="fas fa-trash"
                />
              </button>
            </td>
          </tr>
          <tr
            class="align-middle"
          >
            <td>
              6125d04db949259bdec4de36
            </td>
            <td>
              Jane Doe
            </td>
            <td>
              <a
                href="mailto:jane@example.com"
              >
                jane@example.com
              </a>
            </td>
            <td
              class="text-center"
            >
              <i
                class="fas fa-times"
                style="color: red;"
              />
            </td>
            <td>
              <a
                class="btn-sm edit m-1 btn btn-light"
                href="/admin/user/6125d04db949259bdec4de36/edit"
              >
                <i
                  class="fas fa-edit"
                />
              </a>
              <button
                class="btn-sm trash m-1 btn btn-primary"
                type="button"
              >
                <i
                  class="fas fa-trash"
                />
              </button>
            </td>
          </tr>
          <tr
            class="align-middle"
          >
            <td>
              61328224147ba5000402c30a
            </td>
            <td>
              Ashley Dragan
            </td>
            <td>
              <a
                href="mailto:ashleyndragan@gmail.com"
              >
                ashleyndragan@gmail.com
              </a>
            </td>
            <td
              class="text-center"
            >
              <i
                class="fas fa-times"
                style="color: red;"
              />
            </td>
            <td>
              <a
                class="btn-sm edit m-1 btn btn-light"
                href="/admin/user/61328224147ba5000402c30a/edit"
              >
                <i
                  class="fas fa-edit"
                />
              </a>
              <button
                class="btn-sm trash m-1 btn btn-primary"
                type="button"
              >
                <i
                  class="fas fa-trash"
                />
              </button>
            </td>
          </tr>
          <tr
            class="align-middle"
          >
            <td>
              613d79e01b6ca0000427aa9b
            </td>
            <td>
              John Doe
            </td>
            <td>
              <a
                href="mailto:g@example.com"
              >
                g@example.com
              </a>
            </td>
            <td
              class="text-center"
            >
              <i
                class="fas fa-check"
                style="color: green;"
              />
            </td>
            <td>
              <a
                class="btn-sm edit m-1 btn btn-light"
                href="/admin/user/613d79e01b6ca0000427aa9b/edit"
              >
                <i
                  class="fas fa-edit"
                />
              </a>
              <button
                class="btn-sm trash m-1 btn btn-primary"
                type="button"
              >
                <i
                  class="fas fa-trash"
                />
              </button>
            </td>
          </tr>
        </tbody>
      </table>
    </div>
  </div>
</DocumentFragment>
`;
